Battle Tetris server running on port 3001
Client connected: A3pWbzPE6AhLF_X9AAAB
Client disconnected: A3pWbzPE6AhLF_X9AAAB
Client connected: mMlkTw8L72o9XVosAAAE
Player mMlkTw8L72o9XVosAAAE joined room 7UEHSA
Client disconnected: mMlkTw8L72o9XVosAAAE
Client connected: UJthE1tjSedYYvokAAAH
Player UJthE1tjSedYYvokAAAH joined room QLCU43
Client disconnected: UJthE1tjSedYYvokAAAH
Client connected: nVqPNguXCifE8rhZAAAK
Client disconnected: nVqPNguXCifE8rhZAAAK
Client connected: 2cNx-CfGlgJ4PVGHAAAN
Client disconnected: 2cNx-CfGlgJ4PVGHAAAN
Client connected: 0Dg4K3rlbh-ldkatAAAP
Client disconnected: 0Dg4K3rlbh-ldkatAAAP
Client connected: sWVGPI4dsPHUyFPeAAAS
Client disconnected: sWVGPI4dsPHUyFPeAAAS
Client connected: nM53lN_3uPUS5jAyAAAV
Client disconnected: nM53lN_3uPUS5jAyAAAV
Client connected: AEJv9iDkBPSE44T2AAAY
Client disconnected: AEJv9iDkBPSE44T2AAAY
Client connected: h5sTBtpeLmnTiO1FAAAb
Client disconnected: h5sTBtpeLmnTiO1FAAAb
Client connected: sggg7srS2Jdgctl6AAAe
Player sggg7srS2Jdgctl6AAAe joined room LE2W9H
Client disconnected: sggg7srS2Jdgctl6AAAe
Client connected: hmvGEe0-j4eEWNtaAAAk
Client disconnected: hmvGEe0-j4eEWNtaAAAk
Client connected: ybtUqSJs8BiOs2l2AAAn
Client disconnected: ybtUqSJs8BiOs2l2AAAn
Client connected: YWwQlDtsAvLkbCzXAAAq
Client disconnected: YWwQlDtsAvLkbCzXAAAq
Client connected: ZwHh6wccLa1e-R1lAAAs
Client disconnected: ZwHh6wccLa1e-R1lAAAs
Client connected: iou6QV-aEex6ywyWAAAv
Client disconnected: iou6QV-aEex6ywyWAAAv
Client connected: Pf8fa1S1xDMdGK7gAAAy
Client disconnected: Pf8fa1S1xDMdGK7gAAAy
Client connected: J_iYEigUTMytqbR2AAA1
Client disconnected: J_iYEigUTMytqbR2AAA1
Client connected: 0Ho582pnC9NmafxbAAA4
Client disconnected: 0Ho582pnC9NmafxbAAA4
Client connected: mJI8VPvfQ-8mzjSQAAA7
Client disconnected: mJI8VPvfQ-8mzjSQAAA7
Client connected: Rn8CjEQ3bKv7rOMqAAA9
Client disconnected: Rn8CjEQ3bKv7rOMqAAA9
Client connected: m4mU4hCQoI7m0UkvAABA
Client disconnected: m4mU4hCQoI7m0UkvAABA
Client connected: J5YPZ5f11_A6Ow49AABD
Client disconnected: J5YPZ5f11_A6Ow49AABD
Client connected: PJ4ACd5nD0FB7hjHAABG
Client disconnected: PJ4ACd5nD0FB7hjHAABG
Client connected: yIuZGNyopqb7KeH3AABJ
Client disconnected: yIuZGNyopqb7KeH3AABJ
Client connected: vEYYbODP2k2hbYp8AABM
Client disconnected: vEYYbODP2k2hbYp8AABM
Client connected: wILCF9Ub2R8Zs7aTAABP
Client disconnected: wILCF9Ub2R8Zs7aTAABP
Client connected: uv3sSMGebqRvUkJPAABS
